// Jest Snapshot v1, https://goo.gl/fbAQLP

exports[`SavedProjectsNav should match snapshot 1`] = `
<div>
  <NavLink
    key="0"
    to="/projects/1"
  >
    <button
      className="project_buttons"
      key="0"
    >
      Warm Colors
    </button>
  </NavLink>
  <NavLink
    key="1"
    to="/projects/2"
  >
    <button
      className="project_buttons"
      key="1"
    >
      Cool Colors
    </button>
  </NavLink>
</div>
`;
