// Jest Snapshot v1, https://goo.gl/fbAQLP

exports[`Nav should match the snapshot 1`] = `
<div
  className="navBar"
>
  <h1>
    Color Palette
  </h1>
  <img
    className="logo"
    src="https://user-images.githubusercontent.com/46384968/66802881-2ce58a80-eedb-11e9-97f2-e60bf5a8e28b.png"
  />
  <form />
</div>
`;
