// Jest Snapshot v1, https://goo.gl/fbAQLP

exports[`RandomPalette should match snapshot 1`] = `
<div
  className="palette-section"
>
  <h3>
    Randomly Generated Palette
  </h3>
  <div
    className="swatch"
    key="0"
    style={
      Object {
        "backgroundColor": undefined,
      }
    }
  />
  <button
    className="generate_palette_button"
    onClick={[Function]}
    type="submit"
  >
    Generate Palette
  </button>
</div>
`;
