// Jest Snapshot v1, https://goo.gl/fbAQLP

exports[`ProjectsDropDown should match snapshot 1`] = `
<form
  className="newPalette"
>
  <select
    className="new_palette_name"
    onChange={[Function]}
  >
    <option
      key="0"
      value="Warm Colors"
    >
      Warm Colors
    </option>
    <option
      key="1"
      value="Cool Colors"
    >
      Cool Colors
    </option>
  </select>
</form>
`;
