// Jest Snapshot v1, https://goo.gl/fbAQLP

exports[`App should match the snapshot 1`] = `
<div>
  <NavLink
    to="/"
  >
    <button
      className="homeButton"
    >
      HOME
    </button>
  </NavLink>
  <Nav />
  <main>
    <Route
      exact={true}
      path="/"
      render={[Function]}
    />
    <Route
      path="/projects/:id"
      render={[Function]}
    />
  </main>
</div>
`;
